// Jest Snapshot v1, https://goo.gl/fbAQLP

exports[`renders 1`] = `
<div>
  <div
    class="App"
  >
    GameContainer
  </div>
</div>
`;
